../Drivers/STM32G0xx_HAL_Driver/Src/stm32g0xx_hal_flash.c:164:19:HAL_FLASH_Program	40	static
../Drivers/STM32G0xx_HAL_Driver/Src/stm32g0xx_hal_flash.c:226:19:HAL_FLASH_Program_IT	40	static
../Drivers/STM32G0xx_HAL_Driver/Src/stm32g0xx_hal_flash.c:282:6:HAL_FLASH_IRQHandler	16	static
../Drivers/STM32G0xx_HAL_Driver/Src/stm32g0xx_hal_flash.c:382:13:HAL_FLASH_EndOfOperationCallback	16	static
../Drivers/STM32G0xx_HAL_Driver/Src/stm32g0xx_hal_flash.c:400:13:HAL_FLASH_OperationErrorCallback	16	static
../Drivers/STM32G0xx_HAL_Driver/Src/stm32g0xx_hal_flash.c:433:19:HAL_FLASH_Unlock	16	static
../Drivers/STM32G0xx_HAL_Driver/Src/stm32g0xx_hal_flash.c:457:19:HAL_FLASH_Lock	16	static
../Drivers/STM32G0xx_HAL_Driver/Src/stm32g0xx_hal_flash.c:477:19:HAL_FLASH_OB_Unlock	16	static
../Drivers/STM32G0xx_HAL_Driver/Src/stm32g0xx_hal_flash.c:501:19:HAL_FLASH_OB_Lock	16	static
../Drivers/STM32G0xx_HAL_Driver/Src/stm32g0xx_hal_flash.c:521:19:HAL_FLASH_OB_Launch	8	static
../Drivers/STM32G0xx_HAL_Driver/Src/stm32g0xx_hal_flash.c:566:10:HAL_FLASH_GetError	8	static
../Drivers/STM32G0xx_HAL_Driver/Src/stm32g0xx_hal_flash.c:590:19:FLASH_WaitForLastOperation	24	static
../Drivers/STM32G0xx_HAL_Driver/Src/stm32g0xx_hal_flash.c:646:13:FLASH_Program_DoubleWord	32	static,ignoring_inline_asm
../Drivers/STM32G0xx_HAL_Driver/Src/stm32g0xx_hal_flash.c:668:24:FLASH_Program_Fast	40	static,ignoring_inline_asm
