../Drivers/STM32G0xx_HAL_Driver/Inc/stm32g0xx_ll_adc.h:2035:22:LL_ADC_SetCommonPathInternalCh	16	static
../Drivers/STM32G0xx_HAL_Driver/Inc/stm32g0xx_ll_adc.h:2129:26:LL_ADC_GetCommonPathInternalCh	16	static
../Drivers/STM32G0xx_HAL_Driver/Inc/stm32g0xx_ll_adc.h:2499:22:LL_ADC_SetSamplingTimeCommonChannels	24	static
../Drivers/STM32G0xx_HAL_Driver/Inc/stm32g0xx_ll_adc.h:2532:26:LL_ADC_GetSamplingTimeCommonChannels	16	static
../Drivers/STM32G0xx_HAL_Driver/Inc/stm32g0xx_ll_adc.h:2640:26:LL_ADC_REG_IsTriggerSourceSWStart	16	static
../Drivers/STM32G0xx_HAL_Driver/Inc/stm32g0xx_ll_adc.h:3051:22:LL_ADC_REG_SetSequencerRanks	24	static
../Drivers/STM32G0xx_HAL_Driver/Inc/stm32g0xx_ll_adc.h:3318:22:LL_ADC_REG_SetSequencerChAdd	16	static
../Drivers/STM32G0xx_HAL_Driver/Inc/stm32g0xx_ll_adc.h:3410:22:LL_ADC_REG_SetSequencerChRem	16	static
../Drivers/STM32G0xx_HAL_Driver/Inc/stm32g0xx_ll_adc.h:3624:26:LL_ADC_REG_GetDMATransfer	16	static
../Drivers/STM32G0xx_HAL_Driver/Inc/stm32g0xx_ll_adc.h:3750:22:LL_ADC_SetChannelSamplingTime	24	static
../Drivers/STM32G0xx_HAL_Driver/Inc/stm32g0xx_ll_adc.h:3912:22:LL_ADC_SetAnalogWDMonitChannels	32	static
../Drivers/STM32G0xx_HAL_Driver/Inc/stm32g0xx_ll_adc.h:4132:22:LL_ADC_ConfigAnalogWDThresholds	32	static
../Drivers/STM32G0xx_HAL_Driver/Inc/stm32g0xx_ll_adc.h:4467:22:LL_ADC_EnableInternalRegulator	16	static
../Drivers/STM32G0xx_HAL_Driver/Inc/stm32g0xx_ll_adc.h:4486:22:LL_ADC_DisableInternalRegulator	16	static
../Drivers/STM32G0xx_HAL_Driver/Inc/stm32g0xx_ll_adc.h:4497:26:LL_ADC_IsInternalRegulatorEnabled	16	static
../Drivers/STM32G0xx_HAL_Driver/Inc/stm32g0xx_ll_adc.h:4518:22:LL_ADC_Enable	16	static
../Drivers/STM32G0xx_HAL_Driver/Inc/stm32g0xx_ll_adc.h:4538:22:LL_ADC_Disable	16	static
../Drivers/STM32G0xx_HAL_Driver/Inc/stm32g0xx_ll_adc.h:4557:26:LL_ADC_IsEnabled	16	static
../Drivers/STM32G0xx_HAL_Driver/Inc/stm32g0xx_ll_adc.h:4568:26:LL_ADC_IsDisableOngoing	16	static
../Drivers/STM32G0xx_HAL_Driver/Inc/stm32g0xx_ll_adc.h:4648:22:LL_ADC_REG_StartConversion	16	static
../Drivers/STM32G0xx_HAL_Driver/Inc/stm32g0xx_ll_adc.h:4668:22:LL_ADC_REG_StopConversion	16	static
../Drivers/STM32G0xx_HAL_Driver/Inc/stm32g0xx_ll_adc.h:4684:26:LL_ADC_REG_IsConversionOngoing	16	static
../Drivers/STM32G0xx_HAL_Driver/Inc/stm32g0xx_ll_adc.h:4986:22:LL_ADC_ClearFlag_AWD1	16	static
../Drivers/STM32G0xx_HAL_Driver/Inc/stm32g0xx_ll_adc.h:4997:22:LL_ADC_ClearFlag_AWD2	16	static
../Drivers/STM32G0xx_HAL_Driver/Inc/stm32g0xx_ll_adc.h:5008:22:LL_ADC_ClearFlag_AWD3	16	static
../Drivers/STM32G0xx_HAL_Driver/Inc/stm32g0xx_ll_adc.h:5104:22:LL_ADC_EnableIT_AWD1	16	static
../Drivers/STM32G0xx_HAL_Driver/Inc/stm32g0xx_ll_adc.h:5115:22:LL_ADC_EnableIT_AWD2	16	static
../Drivers/STM32G0xx_HAL_Driver/Inc/stm32g0xx_ll_adc.h:5126:22:LL_ADC_EnableIT_AWD3	16	static
../Drivers/STM32G0xx_HAL_Driver/Inc/stm32g0xx_ll_adc.h:5214:22:LL_ADC_DisableIT_AWD1	16	static
../Drivers/STM32G0xx_HAL_Driver/Inc/stm32g0xx_ll_adc.h:5225:22:LL_ADC_DisableIT_AWD2	16	static
../Drivers/STM32G0xx_HAL_Driver/Inc/stm32g0xx_ll_adc.h:5236:22:LL_ADC_DisableIT_AWD3	16	static
../Drivers/STM32G0xx_HAL_Driver/Src/stm32g0xx_hal_adc.c:378:19:HAL_ADC_Init	40	static
../Drivers/STM32G0xx_HAL_Driver/Src/stm32g0xx_hal_adc.c:727:19:HAL_ADC_DeInit	32	static
../Drivers/STM32G0xx_HAL_Driver/Src/stm32g0xx_hal_adc.c:853:13:HAL_ADC_MspInit	16	static
../Drivers/STM32G0xx_HAL_Driver/Src/stm32g0xx_hal_adc.c:870:13:HAL_ADC_MspDeInit	16	static
../Drivers/STM32G0xx_HAL_Driver/Src/stm32g0xx_hal_adc.c:1137:19:HAL_ADC_Start	32	static
../Drivers/STM32G0xx_HAL_Driver/Src/stm32g0xx_hal_adc.c:1204:19:HAL_ADC_Stop	32	static
../Drivers/STM32G0xx_HAL_Driver/Src/stm32g0xx_hal_adc.c:1255:19:HAL_ADC_PollForConversion	24	static
../Drivers/STM32G0xx_HAL_Driver/Src/stm32g0xx_hal_adc.c:1388:19:HAL_ADC_PollForEvent	32	static
../Drivers/STM32G0xx_HAL_Driver/Src/stm32g0xx_hal_adc.c:1518:19:HAL_ADC_Start_IT	32	static
../Drivers/STM32G0xx_HAL_Driver/Src/stm32g0xx_hal_adc.c:1609:19:HAL_ADC_Stop_IT	32	static
../Drivers/STM32G0xx_HAL_Driver/Src/stm32g0xx_hal_adc.c:1656:19:HAL_ADC_Start_DMA	40	static
../Drivers/STM32G0xx_HAL_Driver/Src/stm32g0xx_hal_adc.c:1752:19:HAL_ADC_Stop_DMA	32	static
../Drivers/STM32G0xx_HAL_Driver/Src/stm32g0xx_hal_adc.c:1833:10:HAL_ADC_GetValue	16	static
../Drivers/STM32G0xx_HAL_Driver/Src/stm32g0xx_hal_adc.c:1850:6:HAL_ADC_IRQHandler	32	static
../Drivers/STM32G0xx_HAL_Driver/Src/stm32g0xx_hal_adc.c:2060:13:HAL_ADC_ConvCpltCallback	16	static
../Drivers/STM32G0xx_HAL_Driver/Src/stm32g0xx_hal_adc.c:2075:13:HAL_ADC_ConvHalfCpltCallback	16	static
../Drivers/STM32G0xx_HAL_Driver/Src/stm32g0xx_hal_adc.c:2090:13:HAL_ADC_LevelOutOfWindowCallback	16	static
../Drivers/STM32G0xx_HAL_Driver/Src/stm32g0xx_hal_adc.c:2112:13:HAL_ADC_ErrorCallback	16	static
../Drivers/STM32G0xx_HAL_Driver/Src/stm32g0xx_hal_adc.c:2158:19:HAL_ADC_ConfigChannel	32	static
../Drivers/STM32G0xx_HAL_Driver/Src/stm32g0xx_hal_adc.c:2366:19:HAL_ADC_AnalogWDGConfig	40	static
../Drivers/STM32G0xx_HAL_Driver/Src/stm32g0xx_hal_adc.c:2602:10:HAL_ADC_GetState	16	static
../Drivers/STM32G0xx_HAL_Driver/Src/stm32g0xx_hal_adc.c:2616:10:HAL_ADC_GetError	16	static
../Drivers/STM32G0xx_HAL_Driver/Src/stm32g0xx_hal_adc.c:2643:19:ADC_ConversionStop	24	static
../Drivers/STM32G0xx_HAL_Driver/Src/stm32g0xx_hal_adc.c:2697:19:ADC_Enable	24	static
../Drivers/STM32G0xx_HAL_Driver/Src/stm32g0xx_hal_adc.c:2790:19:ADC_Disable	24	static
../Drivers/STM32G0xx_HAL_Driver/Src/stm32g0xx_hal_adc.c:2852:13:ADC_DMAConvCplt	24	static
../Drivers/STM32G0xx_HAL_Driver/Src/stm32g0xx_hal_adc.c:2930:13:ADC_DMAHalfConvCplt	24	static
../Drivers/STM32G0xx_HAL_Driver/Src/stm32g0xx_hal_adc.c:2948:13:ADC_DMAError	24	static
