../Drivers/STM32G0xx_HAL_Driver/Src/stm32g0xx_hal_flash_ex.c:154:19:HAL_FLASHEx_Erase	32	static
../Drivers/STM32G0xx_HAL_Driver/Src/stm32g0xx_hal_flash_ex.c:226:19:HAL_FLASHEx_Erase_IT	32	static
../Drivers/STM32G0xx_HAL_Driver/Src/stm32g0xx_hal_flash_ex.c:297:19:HAL_FLASHEx_OBProgram	32	static
../Drivers/STM32G0xx_HAL_Driver/Src/stm32g0xx_hal_flash_ex.c:421:6:HAL_FLASHEx_OBGetConfig	16	static
../Drivers/STM32G0xx_HAL_Driver/Src/stm32g0xx_hal_flash_ex.c:488:10:HAL_FLASHEx_FlashEmptyCheck	8	static
../Drivers/STM32G0xx_HAL_Driver/Src/stm32g0xx_hal_flash_ex.c:502:6:HAL_FLASHEx_ForceFlashEmpty	24	static
../Drivers/STM32G0xx_HAL_Driver/Src/stm32g0xx_hal_flash_ex.c:568:13:FLASH_MassErase	16	static
../Drivers/STM32G0xx_HAL_Driver/Src/stm32g0xx_hal_flash_ex.c:588:6:FLASH_PageErase	24	static
../Drivers/STM32G0xx_HAL_Driver/Src/stm32g0xx_hal_flash_ex.c:619:6:FLASH_FlushCaches	8	static
../Drivers/STM32G0xx_HAL_Driver/Src/stm32g0xx_hal_flash_ex.c:656:13:FLASH_OB_WRPConfig	24	static
../Drivers/STM32G0xx_HAL_Driver/Src/stm32g0xx_hal_flash_ex.c:699:13:FLASH_OB_GetWRP	24	static
../Drivers/STM32G0xx_HAL_Driver/Src/stm32g0xx_hal_flash_ex.c:762:13:FLASH_OB_OptrConfig	32	static
../Drivers/STM32G0xx_HAL_Driver/Src/stm32g0xx_hal_flash_ex.c:785:17:FLASH_OB_GetRDP	16	static
../Drivers/STM32G0xx_HAL_Driver/Src/stm32g0xx_hal_flash_ex.c:821:17:FLASH_OB_GetUser	16	static
