../Drivers/STM32G0xx_HAL_Driver/Src/stm32g0xx_hal_tim_ex.c:151:19:HAL_TIMEx_HallSensor_Init	48	static
../Drivers/STM32G0xx_HAL_Driver/Src/stm32g0xx_hal_tim_ex.c:253:19:HAL_TIMEx_HallSensor_DeInit	16	static
../Drivers/STM32G0xx_HAL_Driver/Src/stm32g0xx_hal_tim_ex.c:298:13:HAL_TIMEx_HallSensor_MspInit	16	static
../Drivers/STM32G0xx_HAL_Driver/Src/stm32g0xx_hal_tim_ex.c:313:13:HAL_TIMEx_HallSensor_MspDeInit	16	static
../Drivers/STM32G0xx_HAL_Driver/Src/stm32g0xx_hal_tim_ex.c:328:19:HAL_TIMEx_HallSensor_Start	40	static
../Drivers/STM32G0xx_HAL_Driver/Src/stm32g0xx_hal_tim_ex.c:382:19:HAL_TIMEx_HallSensor_Stop	16	static
../Drivers/STM32G0xx_HAL_Driver/Src/stm32g0xx_hal_tim_ex.c:410:19:HAL_TIMEx_HallSensor_Start_IT	40	static
../Drivers/STM32G0xx_HAL_Driver/Src/stm32g0xx_hal_tim_ex.c:467:19:HAL_TIMEx_HallSensor_Stop_IT	16	static
../Drivers/STM32G0xx_HAL_Driver/Src/stm32g0xx_hal_tim_ex.c:500:19:HAL_TIMEx_HallSensor_Start_DMA	40	static
../Drivers/STM32G0xx_HAL_Driver/Src/stm32g0xx_hal_tim_ex.c:576:19:HAL_TIMEx_HallSensor_Stop_DMA	16	static
../Drivers/STM32G0xx_HAL_Driver/Src/stm32g0xx_hal_tim_ex.c:638:19:HAL_TIMEx_OCN_Start	24	static
../Drivers/STM32G0xx_HAL_Driver/Src/stm32g0xx_hal_tim_ex.c:689:19:HAL_TIMEx_OCN_Stop	16	static
../Drivers/STM32G0xx_HAL_Driver/Src/stm32g0xx_hal_tim_ex.c:721:19:HAL_TIMEx_OCN_Start_IT	24	static
../Drivers/STM32G0xx_HAL_Driver/Src/stm32g0xx_hal_tim_ex.c:808:19:HAL_TIMEx_OCN_Stop_IT	24	static
../Drivers/STM32G0xx_HAL_Driver/Src/stm32g0xx_hal_tim_ex.c:883:19:HAL_TIMEx_OCN_Start_DMA	32	static
../Drivers/STM32G0xx_HAL_Driver/Src/stm32g0xx_hal_tim_ex.c:1021:19:HAL_TIMEx_OCN_Stop_DMA	24	static
../Drivers/STM32G0xx_HAL_Driver/Src/stm32g0xx_hal_tim_ex.c:1122:19:HAL_TIMEx_PWMN_Start	24	static
../Drivers/STM32G0xx_HAL_Driver/Src/stm32g0xx_hal_tim_ex.c:1172:19:HAL_TIMEx_PWMN_Stop	16	static
../Drivers/STM32G0xx_HAL_Driver/Src/stm32g0xx_hal_tim_ex.c:1204:19:HAL_TIMEx_PWMN_Start_IT	24	static
../Drivers/STM32G0xx_HAL_Driver/Src/stm32g0xx_hal_tim_ex.c:1290:19:HAL_TIMEx_PWMN_Stop_IT	24	static
../Drivers/STM32G0xx_HAL_Driver/Src/stm32g0xx_hal_tim_ex.c:1365:19:HAL_TIMEx_PWMN_Start_DMA	32	static
../Drivers/STM32G0xx_HAL_Driver/Src/stm32g0xx_hal_tim_ex.c:1503:19:HAL_TIMEx_PWMN_Stop_DMA	24	static
../Drivers/STM32G0xx_HAL_Driver/Src/stm32g0xx_hal_tim_ex.c:1594:19:HAL_TIMEx_OnePulseN_Start	40	static
../Drivers/STM32G0xx_HAL_Driver/Src/stm32g0xx_hal_tim_ex.c:1643:19:HAL_TIMEx_OnePulseN_Stop	24	static
../Drivers/STM32G0xx_HAL_Driver/Src/stm32g0xx_hal_tim_ex.c:1682:19:HAL_TIMEx_OnePulseN_Start_IT	40	static
../Drivers/STM32G0xx_HAL_Driver/Src/stm32g0xx_hal_tim_ex.c:1737:19:HAL_TIMEx_OnePulseN_Stop_IT	24	static
../Drivers/STM32G0xx_HAL_Driver/Src/stm32g0xx_hal_tim_ex.c:1818:19:HAL_TIMEx_ConfigCommutEvent	24	static
../Drivers/STM32G0xx_HAL_Driver/Src/stm32g0xx_hal_tim_ex.c:1874:19:HAL_TIMEx_ConfigCommutEvent_IT	24	static
../Drivers/STM32G0xx_HAL_Driver/Src/stm32g0xx_hal_tim_ex.c:1931:19:HAL_TIMEx_ConfigCommutEvent_DMA	24	static
../Drivers/STM32G0xx_HAL_Driver/Src/stm32g0xx_hal_tim_ex.c:1980:19:HAL_TIMEx_MasterConfigSynchronization	24	static
../Drivers/STM32G0xx_HAL_Driver/Src/stm32g0xx_hal_tim_ex.c:2053:19:HAL_TIMEx_ConfigBreakDeadTime	24	static
../Drivers/STM32G0xx_HAL_Driver/Src/stm32g0xx_hal_tim_ex.c:2135:19:HAL_TIMEx_ConfigBreakInput	48	static
../Drivers/STM32G0xx_HAL_Driver/Src/stm32g0xx_hal_tim_ex.c:2291:19:HAL_TIMEx_RemapConfig	16	static
../Drivers/STM32G0xx_HAL_Driver/Src/stm32g0xx_hal_tim_ex.c:2382:20:HAL_TIMEx_TISelection	32	static
../Drivers/STM32G0xx_HAL_Driver/Src/stm32g0xx_hal_tim_ex.c:2424:19:HAL_TIMEx_GroupChannel5	16	static
../Drivers/STM32G0xx_HAL_Driver/Src/stm32g0xx_hal_tim_ex.c:2462:19:HAL_TIMEx_DisarmBreakInput	24	static
../Drivers/STM32G0xx_HAL_Driver/Src/stm32g0xx_hal_tim_ex.c:2517:19:HAL_TIMEx_ReArmBreakInput	24	static
../Drivers/STM32G0xx_HAL_Driver/Src/stm32g0xx_hal_tim_ex.c:2606:13:HAL_TIMEx_CommutCallback	16	static
../Drivers/STM32G0xx_HAL_Driver/Src/stm32g0xx_hal_tim_ex.c:2620:13:HAL_TIMEx_CommutHalfCpltCallback	16	static
../Drivers/STM32G0xx_HAL_Driver/Src/stm32g0xx_hal_tim_ex.c:2635:13:HAL_TIMEx_BreakCallback	16	static
../Drivers/STM32G0xx_HAL_Driver/Src/stm32g0xx_hal_tim_ex.c:2650:13:HAL_TIMEx_Break2Callback	16	static
../Drivers/STM32G0xx_HAL_Driver/Src/stm32g0xx_hal_tim_ex.c:2683:22:HAL_TIMEx_HallSensor_GetState	16	static
../Drivers/STM32G0xx_HAL_Driver/Src/stm32g0xx_hal_tim_ex.c:2698:29:HAL_TIMEx_GetChannelNState	24	static
../Drivers/STM32G0xx_HAL_Driver/Src/stm32g0xx_hal_tim_ex.c:2727:6:TIMEx_DMACommutationCplt	24	static
../Drivers/STM32G0xx_HAL_Driver/Src/stm32g0xx_hal_tim_ex.c:2746:6:TIMEx_DMACommutationHalfCplt	24	static
../Drivers/STM32G0xx_HAL_Driver/Src/stm32g0xx_hal_tim_ex.c:2766:13:TIM_DMADelayPulseNCplt	24	static
../Drivers/STM32G0xx_HAL_Driver/Src/stm32g0xx_hal_tim_ex.c:2825:13:TIM_DMAErrorCCxN	24	static
../Drivers/STM32G0xx_HAL_Driver/Src/stm32g0xx_hal_tim_ex.c:2870:13:TIM_CCxNChannelCmd	32	static
