../Drivers/STM32G0xx_HAL_Driver/Inc/stm32g0xx_ll_rcc.h:1789:26:LL_RCC_GetAPB1Prescaler	8	static
../Drivers/STM32G0xx_HAL_Driver/Src/stm32g0xx_hal_rcc.c:218:19:HAL_RCC_DeInit	16	static
../Drivers/STM32G0xx_HAL_Driver/Src/stm32g0xx_hal_rcc.c:310:19:HAL_RCC_OscConfig	40	static
../Drivers/STM32G0xx_HAL_Driver/Src/stm32g0xx_hal_rcc.c:806:19:HAL_RCC_ClockConfig	24	static
../Drivers/STM32G0xx_HAL_Driver/Src/stm32g0xx_hal_rcc.c:1035:6:HAL_RCC_MCOConfig	48	static
../Drivers/STM32G0xx_HAL_Driver/Src/stm32g0xx_hal_rcc.c:1113:10:HAL_RCC_GetSysClockFreq	32	static
../Drivers/STM32G0xx_HAL_Driver/Src/stm32g0xx_hal_rcc.c:1181:10:HAL_RCC_GetHCLKFreq	8	static
../Drivers/STM32G0xx_HAL_Driver/Src/stm32g0xx_hal_rcc.c:1192:10:HAL_RCC_GetPCLK1Freq	16	static
../Drivers/STM32G0xx_HAL_Driver/Src/stm32g0xx_hal_rcc.c:1205:6:HAL_RCC_GetOscConfig	16	static
../Drivers/STM32G0xx_HAL_Driver/Src/stm32g0xx_hal_rcc.c:1308:6:HAL_RCC_GetClockConfig	16	static
../Drivers/STM32G0xx_HAL_Driver/Src/stm32g0xx_hal_rcc.c:1341:6:HAL_RCC_EnableCSS	8	static
../Drivers/STM32G0xx_HAL_Driver/Src/stm32g0xx_hal_rcc.c:1357:6:HAL_RCC_EnableLSECSS	8	static
../Drivers/STM32G0xx_HAL_Driver/Src/stm32g0xx_hal_rcc.c:1368:6:HAL_RCC_DisableLSECSS	8	static
../Drivers/STM32G0xx_HAL_Driver/Src/stm32g0xx_hal_rcc.c:1378:6:HAL_RCC_NMI_IRQHandler	16	static
../Drivers/STM32G0xx_HAL_Driver/Src/stm32g0xx_hal_rcc.c:1404:13:HAL_RCC_CSSCallback	8	static
../Drivers/STM32G0xx_HAL_Driver/Src/stm32g0xx_hal_rcc.c:1415:13:HAL_RCC_LSECSSCallback	8	static
../Drivers/STM32G0xx_HAL_Driver/Src/stm32g0xx_hal_rcc.c:1428:10:HAL_RCC_GetResetSource	16	static
