../Drivers/STM32G0xx_HAL_Driver/Src/stm32g0xx_hal.c:143:19:HAL_Init	16	static
../Drivers/STM32G0xx_HAL_Driver/Src/stm32g0xx_hal.c:180:19:HAL_DeInit	8	static
../Drivers/STM32G0xx_HAL_Driver/Src/stm32g0xx_hal.c:206:13:HAL_MspInit	8	static
../Drivers/STM32G0xx_HAL_Driver/Src/stm32g0xx_hal.c:217:13:HAL_MspDeInit	8	static
../Drivers/STM32G0xx_HAL_Driver/Src/stm32g0xx_hal.c:240:26:HAL_InitTick	32	static
../Drivers/STM32G0xx_HAL_Driver/Src/stm32g0xx_hal.c:308:13:HAL_IncTick	8	static
../Drivers/STM32G0xx_HAL_Driver/Src/stm32g0xx_hal.c:319:17:HAL_GetTick	8	static
../Drivers/STM32G0xx_HAL_Driver/Src/stm32g0xx_hal.c:328:10:HAL_GetTickPrio	8	static
../Drivers/STM32G0xx_HAL_Driver/Src/stm32g0xx_hal.c:337:19:HAL_SetTickFreq	40	static
../Drivers/STM32G0xx_HAL_Driver/Src/stm32g0xx_hal.c:367:21:HAL_GetTickFreq	8	static
../Drivers/STM32G0xx_HAL_Driver/Src/stm32g0xx_hal.c:383:13:HAL_Delay	24	static
../Drivers/STM32G0xx_HAL_Driver/Src/stm32g0xx_hal.c:409:13:HAL_SuspendTick	8	static
../Drivers/STM32G0xx_HAL_Driver/Src/stm32g0xx_hal.c:425:13:HAL_ResumeTick	8	static
../Drivers/STM32G0xx_HAL_Driver/Src/stm32g0xx_hal.c:435:10:HAL_GetHalVersion	8	static
../Drivers/STM32G0xx_HAL_Driver/Src/stm32g0xx_hal.c:444:10:HAL_GetREVID	8	static
../Drivers/STM32G0xx_HAL_Driver/Src/stm32g0xx_hal.c:453:10:HAL_GetDEVID	8	static
../Drivers/STM32G0xx_HAL_Driver/Src/stm32g0xx_hal.c:462:10:HAL_GetUIDw0	8	static
../Drivers/STM32G0xx_HAL_Driver/Src/stm32g0xx_hal.c:471:10:HAL_GetUIDw1	8	static
../Drivers/STM32G0xx_HAL_Driver/Src/stm32g0xx_hal.c:480:10:HAL_GetUIDw2	8	static
../Drivers/STM32G0xx_HAL_Driver/Src/stm32g0xx_hal.c:508:6:HAL_DBGMCU_EnableDBGStopMode	8	static
../Drivers/STM32G0xx_HAL_Driver/Src/stm32g0xx_hal.c:517:6:HAL_DBGMCU_DisableDBGStopMode	8	static
../Drivers/STM32G0xx_HAL_Driver/Src/stm32g0xx_hal.c:526:6:HAL_DBGMCU_EnableDBGStandbyMode	8	static
../Drivers/STM32G0xx_HAL_Driver/Src/stm32g0xx_hal.c:535:6:HAL_DBGMCU_DisableDBGStandbyMode	8	static
../Drivers/STM32G0xx_HAL_Driver/Src/stm32g0xx_hal.c:651:6:HAL_SYSCFG_EnableIOAnalogSwitchBooster	8	static
../Drivers/STM32G0xx_HAL_Driver/Src/stm32g0xx_hal.c:660:6:HAL_SYSCFG_DisableIOAnalogSwitchBooster	8	static
../Drivers/STM32G0xx_HAL_Driver/Src/stm32g0xx_hal.c:673:6:HAL_SYSCFG_EnableRemap	16	static
../Drivers/STM32G0xx_HAL_Driver/Src/stm32g0xx_hal.c:688:6:HAL_SYSCFG_DisableRemap	16	static
../Drivers/STM32G0xx_HAL_Driver/Src/stm32g0xx_hal.c:734:6:HAL_SYSCFG_StrobeDBattpinsConfig	16	static
