../cpp/src/main.cpp:31:6:void setDutyCycle(uint16_t)	16	static
../cpp/src/main.cpp:110:13:void commutate()	8	static
../cpp/src/main.cpp:167:6:void HAL_GPIO_EXTI_Rising_Callback(uint16_t)	16	static
../cpp/src/main.cpp:180:6:void HAL_GPIO_EXTI_Falling_Callback(uint16_t)	16	static
../cpp/src/main.cpp:195:6:void HAL_TIM_OC_DelayElapsedCallback(TIM_HandleTypeDef*)	16	static
../cpp/src/main.cpp:209:10:uint16_t divClosest(uint16_t, uint16_t)	16	static
../cpp/src/main.cpp:215:6:void processDmaSignalPWM()	24	static
../cpp/src/main.cpp:240:6:void processDmaSignal()	32	static
../cpp/src/main.cpp:297:6:void HAL_TIM_IC_CaptureCallback(TIM_HandleTypeDef*)	16	static
../cpp/src/main.cpp:303:6:void setup()	8	static
../cpp/src/main.cpp:340:17:uint16_t map(int, int, int, int, int)	24	static
../cpp/src/main.cpp:355:6:void readMemory(unsigned char*, int, int)	32	static
../cpp/src/main.cpp:366:6:void writeMemory(unsigned char*, int, int)	72	static
../cpp/src/main.cpp:395:6:void maincpp()	32	static
