../Core/Src/main.c:81:5:main	8	static
../Core/Src/main.c:136:6:SystemClock_Config	88	static
../Core/Src/main.c:182:13:MX_ADC1_Init	24	static
../Core/Src/main.c:240:13:MX_TIM1_Init	40	static
../Core/Src/main.c:290:13:MX_TIM3_Init	48	static
../Core/Src/main.c:347:13:MX_TIM6_Init	24	static
../Core/Src/main.c:385:13:MX_TIM7_Init	24	static
../Core/Src/main.c:423:13:MX_TIM17_Init	88	static
../Core/Src/main.c:483:13:MX_DMA_Init	16	static
../Core/Src/main.c:501:13:MX_GPIO_Init	48	static
../Core/Src/main.c:562:6:Error_Handler	8	static,ignoring_inline_asm
